node_modules/react-router-dom/dist/index.d.ts(1,69): error TS2307: Cannot find module 'react-router/dom' or its corresponding type declarations.
  There are types at 'C:/Users/danie/Downloads/c.i-skin-care/node_modules/react-router/dist/development/dom-export.d.mts', but this result could not be resolved under your current 'moduleResolution' setting. Consider updating to 'node16', 'nodenext', or 'bundler'.
node_modules/react-router/dist/development/index.d.ts(4,8): error TS1259: Module '"C:/Users/danie/Downloads/c.i-skin-care/node_modules/@types/react/index"' can only be default-imported using the 'esModuleInterop' flag
node_modules/react-router/dist/development/instrumentation-DvHY1sgY.d.ts(408,5): error TS18028: Private identifiers are only available when targeting ECMAScript 2015 and higher.
pages/Admin/Account.tsx(1,8): error TS1259: Module '"C:/Users/danie/Downloads/c.i-skin-care/node_modules/@types/react/index"' can only be default-imported using the 'esModuleInterop' flag
pages/Admin/Account.tsx(3,25): error TS6142: Module '../../components/Admin/AdminLayout' was resolved to 'C:/Users/danie/Downloads/c.i-skin-care/components/Admin/AdminLayout.tsx', but '--jsx' is not set.
pages/Admin/Account.tsx(4,25): error TS6142: Module '../../context/UserContext' was resolved to 'C:/Users/danie/Downloads/c.i-skin-care/context/UserContext.tsx', but '--jsx' is not set.
pages/Admin/Account.tsx(5,33): error TS6142: Module '../../context/NotificationContext' was resolved to 'C:/Users/danie/Downloads/c.i-skin-care/context/NotificationContext.tsx', but '--jsx' is not set.
pages/Admin/Account.tsx(8,26): error TS6142: Module '../../components/Admin/ConfirmModal' was resolved to 'C:/Users/danie/Downloads/c.i-skin-care/components/Admin/ConfirmModal.tsx', but '--jsx' is not set.
pages/Admin/Account.tsx(31,7): error TS17004: Cannot use JSX unless the '--jsx' flag is provided.
pages/Admin/Account.tsx(32,9): error TS17004: Cannot use JSX unless the '--jsx' flag is provided.
pages/Admin/Account.tsx(76,5): error TS17004: Cannot use JSX unless the '--jsx' flag is provided.
pages/Admin/Account.tsx(77,7): error TS17004: Cannot use JSX unless the '--jsx' flag is provided.
pages/Admin/Account.tsx(78,9): error TS17004: Cannot use JSX unless the '--jsx' flag is provided.
pages/Admin/Account.tsx(79,11): error TS17004: Cannot use JSX unless the '--jsx' flag is provided.
pages/Admin/Account.tsx(80,13): error TS17004: Cannot use JSX unless the '--jsx' flag is provided.
pages/Admin/Account.tsx(81,13): error TS17004: Cannot use JSX unless the '--jsx' flag is provided.
pages/Admin/Account.tsx(83,11): error TS17004: Cannot use JSX unless the '--jsx' flag is provided.
pages/Admin/Account.tsx(87,13): error TS17004: Cannot use JSX unless the '--jsx' flag is provided.
pages/Admin/Account.tsx(92,9): error TS17004: Cannot use JSX unless the '--jsx' flag is provided.
pages/Admin/Account.tsx(106,9): error TS17004: Cannot use JSX unless the '--jsx' flag is provided.
pages/Admin/Account.tsx(107,11): error TS17004: Cannot use JSX unless the '--jsx' flag is provided.
pages/Admin/Account.tsx(109,11): error TS17004: Cannot use JSX unless the '--jsx' flag is provided.
pages/Admin/Account.tsx(110,13): error TS17004: Cannot use JSX unless the '--jsx' flag is provided.
pages/Admin/Account.tsx(111,15): error TS17004: Cannot use JSX unless the '--jsx' flag is provided.
pages/Admin/Account.tsx(112,15): error TS17004: Cannot use JSX unless the '--jsx' flag is provided.
pages/Admin/Account.tsx(119,13): error TS17004: Cannot use JSX unless the '--jsx' flag is provided.
pages/Admin/Account.tsx(120,15): error TS17004: Cannot use JSX unless the '--jsx' flag is provided.
pages/Admin/Account.tsx(121,15): error TS17004: Cannot use JSX unless the '--jsx' flag is provided.
pages/Admin/Account.tsx(130,11): error TS17004: Cannot use JSX unless the '--jsx' flag is provided.
pages/Admin/Account.tsx(131,13): error TS17004: Cannot use JSX unless the '--jsx' flag is provided.
pages/Admin/Account.tsx(141,9): error TS17004: Cannot use JSX unless the '--jsx' flag is provided.
pages/Admin/Account.tsx(142,11): error TS17004: Cannot use JSX unless the '--jsx' flag is provided.
pages/Admin/Account.tsx(143,11): error TS17004: Cannot use JSX unless the '--jsx' flag is provided.
pages/Admin/Account.tsx(144,13): error TS17004: Cannot use JSX unless the '--jsx' flag is provided.
pages/Admin/Account.tsx(145,15): error TS17004: Cannot use JSX unless the '--jsx' flag is provided.
pages/Admin/Account.tsx(146,15): error TS17004: Cannot use JSX unless the '--jsx' flag is provided.
pages/Admin/Account.tsx(147,17): error TS17004: Cannot use JSX unless the '--jsx' flag is provided.
pages/Admin/Account.tsx(153,17): error TS17004: Cannot use JSX unless the '--jsx' flag is provided.
pages/Admin/Account.tsx(158,19): error TS17004: Cannot use JSX unless the '--jsx' flag is provided.
pages/Admin/Account.tsx(164,13): error TS17004: Cannot use JSX unless the '--jsx' flag is provided.
pages/Admin/Account.tsx(165,15): error TS17004: Cannot use JSX unless the '--jsx' flag is provided.
pages/Admin/Account.tsx(166,15): error TS17004: Cannot use JSX unless the '--jsx' flag is provided.
pages/Admin/Account.tsx(167,17): error TS17004: Cannot use JSX unless the '--jsx' flag is provided.
pages/Admin/Account.tsx(173,17): error TS17004: Cannot use JSX unless the '--jsx' flag is provided.
pages/Admin/Account.tsx(178,19): error TS17004: Cannot use JSX unless the '--jsx' flag is provided.
pages/Admin/Account.tsx(185,11): error TS17004: Cannot use JSX unless the '--jsx' flag is provided.
pages/Admin/Account.tsx(186,13): error TS17004: Cannot use JSX unless the '--jsx' flag is provided.
