constants.tsx(208,5): error TS2820: Type '"Approved"' is not assignable to type '"pending" | "approved" | "rejected"'. Did you mean '"approved"'?
constants.tsx(220,5): error TS2820: Type '"Approved"' is not assignable to type '"pending" | "approved" | "rejected"'. Did you mean '"approved"'?
constants.tsx(231,5): error TS2820: Type '"Approved"' is not assignable to type '"pending" | "approved" | "rejected"'. Did you mean '"approved"'?
context/ReviewContext.tsx(42,65): error TS2367: This comparison appears to be unintentional because the types '"pending" | "approved" | "rejected"' and '"Approved"' have no overlap.
context/ReviewContext.tsx(52,17): error TS2820: Type '"Pending"' is not assignable to type '"pending" | "approved" | "rejected"'. Did you mean '"pending"'?
pages/Admin/Dashboard.tsx(21,48): error TS2367: This comparison appears to be unintentional because the types '"pending" | "approved" | "rejected"' and '"Pending"' have no overlap.
pages/Admin/Reviews.tsx(15,71): error TS2367: This comparison appears to be unintentional because the types '"pending" | "approved" | "rejected"' and '"Pending"' have no overlap.
pages/Admin/Reviews.tsx(23,56): error TS2367: This comparison appears to be unintentional because the types '"pending" | "approved" | "rejected"' and '"Pending"' have no overlap.
pages/Admin/Reviews.tsx(68,66): error TS2367: This comparison appears to be unintentional because the types '"pending" | "approved" | "rejected"' and '"Pending"' have no overlap.
pages/Admin/Reviews.tsx(106,159): error TS2367: This comparison appears to be unintentional because the types '"pending" | "approved" | "rejected"' and '"Pending"' have no overlap.
pages/Admin/Reviews.tsx(107,41): error TS2367: This comparison appears to be unintentional because the types '"pending" | "approved" | "rejected"' and '"Approved"' have no overlap.
pages/Admin/Reviews.tsx(117,34): error TS2367: This comparison appears to be unintentional because the types '"pending" | "approved" | "rejected"' and '"Pending"' have no overlap.
pages/Admin/Reviews.tsx(124,42): error TS2367: This comparison appears to be unintentional because the types '"pending" | "approved" | "rejected"' and '"Approved"' have no overlap.
pages/Admin/Reviews.tsx(127,42): error TS2367: This comparison appears to be unintentional because the types '"pending" | "approved" | "rejected"' and '"Rejected"' have no overlap.
pages/Reviews.tsx(9,61): error TS2367: This comparison appears to be unintentional because the types '"pending" | "approved" | "rejected"' and '"Approved"' have no overlap.
